// Jest Snapshot v1, https://goo.gl/fbAQLP

exports[`verifyHandler when verify failed should be failed 1`] = `Array []`;

exports[`verifyHandler when verify failed should be failed 2`] = `
Object {
  "error": [Error: doo],
}
`;

exports[`verifyHandler when verify successful should be failed 1`] = `
Array [
  "SELECT * FROM profiles WHERE discord_id = ?;",
]
`;

exports[`verifyHandler when verify successful should be failed 2`] = `
Object {
  "discordId": "12123123",
  "profiles": Array [
    Object {
      "discordId": undefined,
      "streamKey": undefined,
    },
  ],
}
`;
